// Jest Snapshot v1, https://goo.gl/fbAQLP

exports[`DogCard should have match the correct snapshot 1`] = `
<div
  className="DogCard-container"
>
  <div
    className="dog-name"
  />
  <div
    className="dog-age"
  >
    Age: 
  </div>
  <div
    className="dog-distance"
  >
    Location: 
     away
  </div>
  <div
    className="img-container"
  >
    <img
      className="dog-img"
      src={null}
    />
  </div>
</div>
`;
