// Jest Snapshot v1, https://goo.gl/fbAQLP

exports[`BreedInfo should have match the correct snapshot 1`] = `
<div>
  <AboutBreeds />
  <div
    className="breed-info-container"
  >
    <div
      className="breed-info-card"
    >
      <div
        className="back-btn-container"
      >
        <Link
          replace={false}
          to="/about-breeds"
        >
          <button
            className="breed-info-btn"
          >
            Back
          </button>
        </Link>
      </div>
      <p>
        Happy Doggy
      </p>
      <div
        className="breed-info-img"
        style={
          Object {
            "backgroundImage": "url(undefined)",
          }
        }
      />
    </div>
  </div>
</div>
`;
