// Jest Snapshot v1, https://goo.gl/fbAQLP

exports[`Search should match the correct snapshot 1`] = `
<div
  className="Search"
>
  <img
    alt="outdoor trail"
    className="trail-img"
    src="trail.jpg"
  />
  <div
    className="search-bar"
  >
    <div
      className="search-num-display"
    >
      Searching all dog breed(s)
      <button
        className="search-btn"
        onClick={[Function]}
      >
        Clear all
      </button>
    </div>
    <div
      className=""
    >
      <button
        className="search-btn specific-search-btn"
        onClick={[Function]}
      >
        Search specific breeds
      </button>
    </div>
    <form
      className="search-input-container"
      onSubmit={[Function]}
    >
      <div
        className="search-error"
      />
      <input
        className="search-input"
        name="zip"
        onChange={[Function]}
        placeholder="zip-code"
        type="number"
        value=""
      />
      <button
        className="search-btn"
      >
        Search
      </button>
    </form>
  </div>
  <div
    className="search-container "
  >
    <BreedCard
      active={false}
      breed="Poodle"
      cardNumber={0}
      handleSearchFilter={[Function]}
      img="poodle.jpg"
      isClimber={true}
      isCold={true}
      isRunner={true}
      key="63de45"
      tag="poodle"
    />
    <BreedCard
      active={false}
      breed="Retriever"
      cardNumber={1}
      handleSearchFilter={[Function]}
      img="retriever.jpg"
      isClimber={true}
      isCold={true}
      isRunner={false}
      key="63de45"
      tag="retriever"
    />
  </div>
  <div
    className="results-container"
  />
  <div>
    <button
      onClick={[Function]}
    >
      prev
    </button>
    <button
      onClick={[Function]}
    >
      next
    </button>
  </div>
</div>
`;
